// Jest Snapshot v1, https://goo.gl/fbAQLP

exports[`RouterView displays current route component 1`] = `"<div>Home</div>"`;

exports[`RouterView displays deeply nested views 1`] = `"<div><h2>Nested</h2><div><h2>Nested</h2><div>Foo</div></div></div>"`;

exports[`RouterView displays named views 1`] = `"<div>Foo</div>"`;

exports[`RouterView displays nested views 1`] = `"<div><h2>Nested</h2><div>Foo</div></div>"`;

exports[`RouterView displays nothing when route is unmatched 1`] = `undefined`;
